Module: hello
   proc hello()
       This method prints out a greeting.

